03/25/2023 07:22:45 PM - LoggerDemoConf - DEBUG - debug message
03/25/2023 07:22:45 PM - LoggerDemoConf - INFO - info message
03/25/2023 07:22:45 PM - LoggerDemoConf - WARNING - warn message
03/25/2023 07:22:45 PM - LoggerDemoConf - ERROR - error message
03/25/2023 07:22:45 PM - LoggerDemoConf - CRITICAL - critical message
03/25/2023 07:28:02 PM - LoggerDemoConf - DEBUG - debug message
03/25/2023 07:28:02 PM - LoggerDemoConf - INFO - info message
03/25/2023 07:28:02 PM - LoggerDemoConf - WARNING - warn message
03/25/2023 07:28:02 PM - LoggerDemoConf - ERROR - error message
03/25/2023 07:28:02 PM - LoggerDemoConf - CRITICAL - critical message
03/25/2023 07:29:35 PM - LoggerDemoConf - DEBUG - debug message
03/25/2023 07:29:35 PM - LoggerDemoConf - INFO - info message
03/25/2023 07:29:35 PM - LoggerDemoConf - WARNING - warn message
03/25/2023 07:29:35 PM - LoggerDemoConf - ERROR - error message
03/25/2023 07:29:35 PM - LoggerDemoConf - CRITICAL - critical message
03/25/2023 07:30:17 PM - LoggerDemoConf - DEBUG - debug message
03/25/2023 07:30:17 PM - LoggerDemoConf - INFO - info message
03/25/2023 07:30:17 PM - LoggerDemoConf - WARNING - warn message
03/25/2023 07:30:17 PM - LoggerDemoConf - ERROR - error message
03/25/2023 07:30:17 PM - LoggerDemoConf - CRITICAL - critical message
